<html>
<body>
<pre>
<h1>礦ision Build Log</h1>
<h2>Tool Versions:</h2>
IDE-Version: μVision V5.24.2.0
Copyright (C) 2017 ARM Ltd and ARM Germany GmbH. All rights reserved.
License Information: jts Administrator, jts, LIC=21E2Z-JVWU2-Z82FH-WEL8A-J3CT3-LYMMY
 
Tool Versions:
Toolchain:       MDK-ARM Plus  Version: 5.24.1
Toolchain Path:  I:\soft\Keil MDK\ARM\ARMCC\Bin
C Compiler:      Armcc.exe V5.06 update 5 (build 528)
Assembler:       Armasm.exe V5.06 update 5 (build 528)
Linker/Locator:  ArmLink.exe V5.06 update 5 (build 528)
Library Manager: ArmAr.exe V5.06 update 5 (build 528)
Hex Converter:   FromElf.exe V5.06 update 5 (build 528)
CPU DLL:         SARMCM3.DLL V5.24.1
Dialog DLL:      DCM.DLL V1.16.0.0
Target DLL:      STLink\ST-LINKIII-KEIL_SWO.dll V3.0.1.0
Dialog DLL:      TCM.DLL V1.32.0.0
 
<h2>Project:</h2>
C:\Users\Administrator\Desktop\taxi\develop\software\mcu\project\Project\Template.uvprojx
Project File Date:  05/07/2021

<h2>Output:</h2>
*** Using Compiler 'V5.06 update 5 (build 528)', folder: 'I:\soft\Keil MDK\ARM\ARMCC\Bin'
Rebuild target 'Target 1'
compiling core_cm3.c...
compiling system_stm32f10x.c...
assembling startup_stm32f10x_hd.s...
compiling main.c...
..\..\framwork\entry\main.c(34): warning:  #223-D: function "delay_ms" declared implicitly
  	delay_ms(50);
..\..\framwork\entry\main.c: 1 warning, 0 errors
compiling fram.c...
..\..\framwork\entry\fram.c(323): warning:  #111-D: statement is unreachable
  			LCD_Clear();
..\..\framwork\entry\fram.c: 1 warning, 0 errors
compiling misc.c...
compiling stm32f10x_adc.c...
compiling stm32f10x_bkp.c...
compiling stm32f10x_can.c...
compiling stm32f10x_cec.c...
compiling stm32f10x_crc.c...
compiling stm32f10x_dbgmcu.c...
compiling stm32f10x_dac.c...
compiling stm32f10x_exti.c...
compiling stm32f10x_dma.c...
compiling stm32f10x_flash.c...
compiling stm32f10x_fsmc.c...
compiling stm32f10x_gpio.c...
compiling stm32f10x_i2c.c...
compiling stm32f10x_iwdg.c...
compiling stm32f10x_pwr.c...
compiling stm32f10x_rtc.c...
compiling stm32f10x_rcc.c...
compiling stm32f10x_sdio.c...
compiling stm32f10x_spi.c...
compiling stm32f10x_usart.c...
compiling stm32f10x_tim.c...
compiling stm32f10x_wwdg.c...
compiling hc12.c...
compiling delay.c...
..\..\driver\delay\delay.c(40): warning:  #550-D: variable "fac_ms"  was set but never used
  static u16 fac_ms=0;//ms延时倍乘数
..\..\driver\delay\delay.c: 1 warning, 0 errors
compiling 24cxx.c...
compiling key.c...
..\..\driver\Key\key.c(102): warning:  #223-D: function "delay_ms" declared implicitly
  	delay_ms(10);
..\..\driver\Key\key.c(112): warning:  #223-D: function "delay_ms" declared implicitly
  	delay_ms(10);
..\..\driver\Key\key.c(122): warning:  #223-D: function "delay_ms" declared implicitly
  	delay_ms(10);
..\..\driver\Key\key.c(132): warning:  #223-D: function "delay_ms" declared implicitly
  	delay_ms(10);
..\..\driver\Key\key.c(193): warning:  #223-D: function "delay_ms" declared implicitly
          delay_ms(100);
..\..\driver\Key\key.c: 5 warnings, 0 errors
compiling fonts.c...
compiling led.c...
compiling lcd12864.c...
..\..\driver\LCD12864\lcd12864.c(63): warning:  #223-D: function "delay_us" declared implicitly
  			delay_us(5); //延时使数据写入
..\..\driver\LCD12864\lcd12864.c(77): warning:  #223-D: function "delay_ms" declared implicitly
       delay_ms(1);     //由于我们没有写LCD正忙的检测，所以直接延时1ms，使每次写入数据或指令间隔大于1ms 便可不用写忙状态检测
..\..\driver\LCD12864\lcd12864.c(91): warning:  #223-D: function "delay_ms" declared implicitly
       delay_ms(1);     
..\..\driver\LCD12864\lcd12864.c(104): warning:  #223-D: function "delay_ms" declared implicitly
  delay_ms(50);   	//等待液晶自检（延时>40ms）
..\..\driver\LCD12864\lcd12864.c(133): warning:  #223-D: function "delay_ms" declared implicitly
  	delay_ms(2);	
..\..\driver\LCD12864\lcd12864.c: 5 warnings, 0 errors
compiling bsp_i2c.c...
compiling mpu6050.c...
compiling DS1307.c...
compiling myiic.c...
..\..\driver\Realtime\myiic.c(25): warning:  #223-D: function "delay_us" declared implicitly
  	delay_us(4);
..\..\driver\Realtime\myiic.c(37): warning:  #223-D: function "delay_us" declared implicitly
   	delay_us(4);
..\..\driver\Realtime\myiic.c(50): warning:  #223-D: function "delay_us" declared implicitly
  	
IC_SDA=1;delay_us(1);	   
..\..\driver\Realtime\myiic.c(71): warning:  #223-D: function "delay_us" declared implicitly
  	delay_us(2);
..\..\driver\Realtime\myiic.c(83): warning:  #223-D: function "delay_us" declared implicitly
  	delay_us(2);
..\..\driver\Realtime\myiic.c(105): warning:  #223-D: function "delay_us" declared implicitly
  		delay_us(2);   //对TEA5767这三个延时都是必须的
..\..\driver\Realtime\myiic.c(121): warning:  #223-D: function "delay_us" declared implicitly
      delay_us(2);
..\..\driver\Realtime\myiic.c: 7 warnings, 0 errors
compiling sys.c...
compiling bsp_TiMbase.c...
compiling stm32f10x_it.c...
compiling config.c...
compiling timer_triger.c...
linking...
Program Size: Code=14492 RO-data=408 RW-data=180 ZI-data=4724  
"..\Output\Template.axf" - 0 Error(s), 20 Warning(s).

<h2>Software Packages used:</h2>

Package Vendor: Keil
                http://www.keil.com/pack/Keil.STM32F1xx_DFP.2.1.0.pack
                Keil.STM32F1xx_DFP.2.1.0
                STMicroelectronics STM32F1 Series Device Support, Drivers and Examples

<h2>Collection of Component include folders:</h2>
  .\RTE\_Target_1
  I:\soft\Keil MDK\ARM\PACK\Keil\STM32F1xx_DFP\2.1.0\Device\Include

<h2>Collection of Component Files used:</h2>
Build Time Elapsed:  00:00:12
</pre>
</body>
</html>
